#-----------------------------------------------------------
# Vivado v2017.4 (64-bit)
# SW Build 2086221 on Fri Dec 15 20:55:39 MST 2017
# IP Build 2085800 on Fri Dec 15 22:25:07 MST 2017
# Start of session at: Thu Sep  3 09:06:31 2020
# Process ID: 13824
# Current directory: E:/ysc/vivadoproject1
# Command line: vivado.exe -gui_launcher_event rodinguilauncherevent10864 E:\ysc\vivadoproject1\DynamicDisplay.xpr
# Log file: E:/ysc/vivadoproject1/vivado.log
# Journal file: E:/ysc/vivadoproject1\vivado.jou
#-----------------------------------------------------------
start_gui
open_project E:/ysc/vivadoproject1/DynamicDisplay.xpr
open_hw
connect_hw_server
open_hw_target
set_property PROGRAM.FILE {E:/ysc/vivadoproject1/DynamicDisplay.runs/impl_1/DynamicDisplay.bit} [get_hw_devices xc7a200t_0]
current_hw_device [get_hw_devices xc7a200t_0]
refresh_hw_device -update_hw_probes false [lindex [get_hw_devices xc7a200t_0] 0]
set_property PROBES.FILE {} [get_hw_devices xc7a200t_0]
set_property FULL_PROBES.FILE {} [get_hw_devices xc7a200t_0]
set_property PROGRAM.FILE {E:/ysc/vivadoproject1/DynamicDisplay.runs/impl_1/DynamicDisplay.bit} [get_hw_devices xc7a200t_0]
program_hw_devices [get_hw_devices xc7a200t_0]
refresh_hw_device [lindex [get_hw_devices xc7a200t_0] 0]
